// Jest Snapshot v1, https://goo.gl/fbAQLP

exports[`DataTable renders dynamic correctly 1`] = `
<table
  class="table table-sm table-striped table-hover"
>
  <thead>
    <tr>
      <th
        style="width: 80px;"
      >
        Aktionen
      </th>
      <th
        style="cursor: pointer;"
      >
        NAME
         
        <svg
          aria-hidden="true"
          class="svg-inline--fa fa-sort-down "
          data-icon="sort-down"
          data-prefix="fas"
          focusable="false"
          role="img"
          viewBox="0 0 320 512"
          xmlns="http://www.w3.org/2000/svg"
        >
          <path
            d="M311.9 335.1l-132.4 136.8C174.1 477.3 167.1 480 160 480c-7.055 0-14.12-2.702-19.47-8.109l-132.4-136.8C-9.229 317.8 3.055 288 27.66 288h264.7C316.9 288 329.2 317.8 311.9 335.1z"
            fill="currentColor"
          />
        </svg>
      </th>
      <th
        style="cursor: pointer;"
      >
        COUNT
         
        <svg
          aria-hidden="true"
          class="svg-inline--fa fa-sort "
          data-icon="sort"
          data-prefix="fas"
          focusable="false"
          role="img"
          viewBox="0 0 320 512"
          xmlns="http://www.w3.org/2000/svg"
        >
          <path
            d="M27.66 224h264.7c24.6 0 36.89-29.78 19.54-47.12l-132.3-136.8c-5.406-5.406-12.47-8.107-19.53-8.107c-7.055 0-14.09 2.701-19.45 8.107L8.119 176.9C-9.229 194.2 3.055 224 27.66 224zM292.3 288H27.66c-24.6 0-36.89 29.77-19.54 47.12l132.5 136.8C145.9 477.3 152.1 480 160 480c7.053 0 14.12-2.703 19.53-8.109l132.3-136.8C329.2 317.8 316.9 288 292.3 288z"
            fill="currentColor"
          />
        </svg>
      </th>
      <th
        style="cursor: pointer;"
      >
        STATUS
         
        <svg
          aria-hidden="true"
          class="svg-inline--fa fa-sort "
          data-icon="sort"
          data-prefix="fas"
          focusable="false"
          role="img"
          viewBox="0 0 320 512"
          xmlns="http://www.w3.org/2000/svg"
        >
          <path
            d="M27.66 224h264.7c24.6 0 36.89-29.78 19.54-47.12l-132.3-136.8c-5.406-5.406-12.47-8.107-19.53-8.107c-7.055 0-14.09 2.701-19.45 8.107L8.119 176.9C-9.229 194.2 3.055 224 27.66 224zM292.3 288H27.66c-24.6 0-36.89 29.77-19.54 47.12l132.5 136.8C145.9 477.3 152.1 480 160 480c7.053 0 14.12-2.703 19.53-8.109l132.3-136.8C329.2 317.8 316.9 288 292.3 288z"
            fill="currentColor"
          />
        </svg>
      </th>
      <th
        style="cursor: pointer;"
      >
        CREATED
         
        <svg
          aria-hidden="true"
          class="svg-inline--fa fa-sort "
          data-icon="sort"
          data-prefix="fas"
          focusable="false"
          role="img"
          viewBox="0 0 320 512"
          xmlns="http://www.w3.org/2000/svg"
        >
          <path
            d="M27.66 224h264.7c24.6 0 36.89-29.78 19.54-47.12l-132.3-136.8c-5.406-5.406-12.47-8.107-19.53-8.107c-7.055 0-14.09 2.701-19.45 8.107L8.119 176.9C-9.229 194.2 3.055 224 27.66 224zM292.3 288H27.66c-24.6 0-36.89 29.77-19.54 47.12l132.5 136.8C145.9 477.3 152.1 480 160 480c7.053 0 14.12-2.703 19.53-8.109l132.3-136.8C329.2 317.8 316.9 288 292.3 288z"
            fill="currentColor"
          />
        </svg>
      </th>
    </tr>
    <tr>
      <th>
        <svg
          aria-labelledby="svg-inline--fa-title-8r0Q0b9FbhMp"
          class="svg-inline--fa fa-magnifying-glass "
          data-icon="magnifying-glass"
          data-prefix="fas"
          role="img"
          style="cursor: pointer; margin-bottom: 4px; margin-right: 5px;"
          viewBox="0 0 512 512"
          xmlns="http://www.w3.org/2000/svg"
        >
          <title
            id="svg-inline--fa-title-8r0Q0b9FbhMp"
          >
            Suchen
          </title>
          <path
            d="M500.3 443.7l-119.7-119.7c27.22-40.41 40.65-90.9 33.46-144.7C401.8 87.79 326.8 13.32 235.2 1.723C99.01-15.51-15.51 99.01 1.724 235.2c11.6 91.64 86.08 166.7 177.6 178.9c53.8 7.189 104.3-6.236 144.7-33.46l119.7 119.7c15.62 15.62 40.95 15.62 56.57 0C515.9 484.7 515.9 459.3 500.3 443.7zM79.1 208c0-70.58 57.42-128 128-128s128 57.42 128 128c0 70.58-57.42 128-128 128S79.1 278.6 79.1 208z"
            fill="currentColor"
          />
        </svg>
        <svg
          aria-labelledby="svg-inline--fa-title-UxoAiJQFiCor"
          class="svg-inline--fa fa-xmark "
          data-icon="xmark"
          data-prefix="fas"
          role="img"
          style="cursor: pointer; margin-bottom: 4px; margin-right: 5px;"
          viewBox="0 0 320 512"
          xmlns="http://www.w3.org/2000/svg"
        >
          <title
            id="svg-inline--fa-title-UxoAiJQFiCor"
          >
            Suche zurücksetzen
          </title>
          <path
            d="M310.6 361.4c12.5 12.5 12.5 32.75 0 45.25C304.4 412.9 296.2 416 288 416s-16.38-3.125-22.62-9.375L160 301.3L54.63 406.6C48.38 412.9 40.19 416 32 416S15.63 412.9 9.375 406.6c-12.5-12.5-12.5-32.75 0-45.25l105.4-105.4L9.375 150.6c-12.5-12.5-12.5-32.75 0-45.25s32.75-12.5 45.25 0L160 210.8l105.4-105.4c12.5-12.5 32.75-12.5 45.25 0s12.5 32.75 0 45.25l-105.4 105.4L310.6 361.4z"
            fill="currentColor"
          />
        </svg>
      </th>
      <th>
        <input
          class="form-control-sm form-control"
          id="filter-name"
          type="text"
        />
      </th>
      <th>
        <input
          class="form-control-sm form-control"
          id="filter-count"
          type="text"
        />
      </th>
      <th>
        <select
          class="form-control-sm form-control"
        >
          <option
            value="null"
          >
            All
          </option>
          <option
            value="0"
          >
            Active
          </option>
          <option
            value="1"
          >
            Deleted
          </option>
        </select>
      </th>
      <th>
        <input
          class="form-control-sm form-control"
          id="filter-dateCreated"
          type="text"
        />
      </th>
    </tr>
  </thead>
  <tbody>
    <tr>
      <th
        scope="row"
      />
      <td>
        Name 000
      </td>
      <td>
        1
      </td>
      <td>
        Active
      </td>
      <td>
        31.01.2023
      </td>
    </tr>
    <tr>
      <th
        scope="row"
      />
      <td>
        Name 001
      </td>
      <td>
        1
      </td>
      <td>
        Active
      </td>
      <td>
        30.01.2023
      </td>
    </tr>
    <tr>
      <th
        scope="row"
      />
      <td>
        Name 002
      </td>
      <td>
        1
      </td>
      <td>
        Active
      </td>
      <td>
        29.01.2023
      </td>
    </tr>
    <tr>
      <th
        scope="row"
      />
      <td>
        Name 003
      </td>
      <td>
        1
      </td>
      <td>
        Active
      </td>
      <td>
        28.01.2023
      </td>
    </tr>
    <tr>
      <th
        scope="row"
      />
      <td>
        Name 004
      </td>
      <td>
        1
      </td>
      <td>
        Active
      </td>
      <td>
        27.01.2023
      </td>
    </tr>
    <tr>
      <th
        scope="row"
      />
      <td>
        Name 005
      </td>
      <td>
        1
      </td>
      <td>
        Active
      </td>
      <td>
        26.01.2023
      </td>
    </tr>
    <tr>
      <th
        scope="row"
      />
      <td>
        Name 006
      </td>
      <td>
        1
      </td>
      <td>
        Active
      </td>
      <td>
        25.01.2023
      </td>
    </tr>
    <tr>
      <th
        scope="row"
      />
      <td>
        Name 007
      </td>
      <td>
        1
      </td>
      <td>
        Active
      </td>
      <td>
        24.01.2023
      </td>
    </tr>
    <tr>
      <th
        scope="row"
      />
      <td>
        Name 008
      </td>
      <td>
        1
      </td>
      <td>
        Active
      </td>
      <td>
        23.01.2023
      </td>
    </tr>
    <tr>
      <th
        scope="row"
      />
      <td>
        Name 009
      </td>
      <td>
        1
      </td>
      <td>
        Active
      </td>
      <td>
        22.01.2023
      </td>
    </tr>
    <tr>
      <th
        scope="row"
      />
      <td>
        Name 010
      </td>
      <td>
        1
      </td>
      <td>
        Active
      </td>
      <td>
        21.01.2023
      </td>
    </tr>
    <tr>
      <th
        scope="row"
      />
      <td>
        Name 011
      </td>
      <td>
        1
      </td>
      <td>
        Active
      </td>
      <td>
        20.01.2023
      </td>
    </tr>
    <tr>
      <th
        scope="row"
      />
      <td>
        Name 012
      </td>
      <td>
        1
      </td>
      <td>
        Active
      </td>
      <td>
        19.01.2023
      </td>
    </tr>
    <tr>
      <th
        scope="row"
      />
      <td>
        Name 013
      </td>
      <td>
        1
      </td>
      <td>
        Active
      </td>
      <td>
        18.01.2023
      </td>
    </tr>
    <tr>
      <th
        scope="row"
      />
      <td>
        Name 014
      </td>
      <td>
        1
      </td>
      <td>
        Active
      </td>
      <td>
        17.01.2023
      </td>
    </tr>
    <tr>
      <th
        scope="row"
      />
      <td>
        Name 015
      </td>
      <td>
        1
      </td>
      <td>
        Active
      </td>
      <td>
        16.01.2023
      </td>
    </tr>
    <tr>
      <th
        scope="row"
      />
      <td>
        Name 016
      </td>
      <td>
        1
      </td>
      <td>
        Active
      </td>
      <td>
        15.01.2023
      </td>
    </tr>
    <tr>
      <th
        scope="row"
      />
      <td>
        Name 017
      </td>
      <td>
        1
      </td>
      <td>
        Active
      </td>
      <td>
        14.01.2023
      </td>
    </tr>
    <tr>
      <th
        scope="row"
      />
      <td>
        Name 018
      </td>
      <td>
        1
      </td>
      <td>
        Active
      </td>
      <td>
        13.01.2023
      </td>
    </tr>
    <tr>
      <th
        scope="row"
      />
      <td>
        Name 019
      </td>
      <td>
        1
      </td>
      <td>
        Active
      </td>
      <td>
        12.01.2023
      </td>
    </tr>
  </tbody>
</table>
`;

exports[`DataTable renders static correctly 1`] = `
<div>
  <h4>
    Static Table
  </h4>
  <table
    class="table table-sm table-striped table-hover"
  >
    <thead>
      <tr>
        <th
          style="cursor: pointer;"
        >
          NAME
           
          <svg
            aria-hidden="true"
            class="svg-inline--fa fa-sort-down "
            data-icon="sort-down"
            data-prefix="fas"
            focusable="false"
            role="img"
            viewBox="0 0 320 512"
            xmlns="http://www.w3.org/2000/svg"
          >
            <path
              d="M311.9 335.1l-132.4 136.8C174.1 477.3 167.1 480 160 480c-7.055 0-14.12-2.702-19.47-8.109l-132.4-136.8C-9.229 317.8 3.055 288 27.66 288h264.7C316.9 288 329.2 317.8 311.9 335.1z"
              fill="currentColor"
            />
          </svg>
        </th>
        <th
          style="cursor: pointer;"
        >
          COUNT
           
          <svg
            aria-hidden="true"
            class="svg-inline--fa fa-sort "
            data-icon="sort"
            data-prefix="fas"
            focusable="false"
            role="img"
            viewBox="0 0 320 512"
            xmlns="http://www.w3.org/2000/svg"
          >
            <path
              d="M27.66 224h264.7c24.6 0 36.89-29.78 19.54-47.12l-132.3-136.8c-5.406-5.406-12.47-8.107-19.53-8.107c-7.055 0-14.09 2.701-19.45 8.107L8.119 176.9C-9.229 194.2 3.055 224 27.66 224zM292.3 288H27.66c-24.6 0-36.89 29.77-19.54 47.12l132.5 136.8C145.9 477.3 152.1 480 160 480c7.053 0 14.12-2.703 19.53-8.109l132.3-136.8C329.2 317.8 316.9 288 292.3 288z"
              fill="currentColor"
            />
          </svg>
        </th>
        <th
          style="cursor: pointer;"
        >
          STATUS
           
          <svg
            aria-hidden="true"
            class="svg-inline--fa fa-sort "
            data-icon="sort"
            data-prefix="fas"
            focusable="false"
            role="img"
            viewBox="0 0 320 512"
            xmlns="http://www.w3.org/2000/svg"
          >
            <path
              d="M27.66 224h264.7c24.6 0 36.89-29.78 19.54-47.12l-132.3-136.8c-5.406-5.406-12.47-8.107-19.53-8.107c-7.055 0-14.09 2.701-19.45 8.107L8.119 176.9C-9.229 194.2 3.055 224 27.66 224zM292.3 288H27.66c-24.6 0-36.89 29.77-19.54 47.12l132.5 136.8C145.9 477.3 152.1 480 160 480c7.053 0 14.12-2.703 19.53-8.109l132.3-136.8C329.2 317.8 316.9 288 292.3 288z"
              fill="currentColor"
            />
          </svg>
        </th>
        <th
          style="cursor: pointer;"
        >
          CREATED
           
          <svg
            aria-hidden="true"
            class="svg-inline--fa fa-sort "
            data-icon="sort"
            data-prefix="fas"
            focusable="false"
            role="img"
            viewBox="0 0 320 512"
            xmlns="http://www.w3.org/2000/svg"
          >
            <path
              d="M27.66 224h264.7c24.6 0 36.89-29.78 19.54-47.12l-132.3-136.8c-5.406-5.406-12.47-8.107-19.53-8.107c-7.055 0-14.09 2.701-19.45 8.107L8.119 176.9C-9.229 194.2 3.055 224 27.66 224zM292.3 288H27.66c-24.6 0-36.89 29.77-19.54 47.12l132.5 136.8C145.9 477.3 152.1 480 160 480c7.053 0 14.12-2.703 19.53-8.109l132.3-136.8C329.2 317.8 316.9 288 292.3 288z"
              fill="currentColor"
            />
          </svg>
        </th>
      </tr>
    </thead>
    <tbody>
      <tr>
        <td>
          Name 000
        </td>
        <td>
          1
        </td>
        <td>
          Active
        </td>
        <td>
          31.01.2023
        </td>
      </tr>
      <tr>
        <td>
          Name 001
        </td>
        <td>
          1
        </td>
        <td>
          Active
        </td>
        <td>
          30.01.2023
        </td>
      </tr>
      <tr>
        <td>
          Name 002
        </td>
        <td>
          1
        </td>
        <td>
          Active
        </td>
        <td>
          29.01.2023
        </td>
      </tr>
      <tr>
        <td>
          Name 003
        </td>
        <td>
          1
        </td>
        <td>
          Active
        </td>
        <td>
          28.01.2023
        </td>
      </tr>
      <tr>
        <td>
          Name 004
        </td>
        <td>
          1
        </td>
        <td>
          Active
        </td>
        <td>
          27.01.2023
        </td>
      </tr>
      <tr>
        <td>
          Name 005
        </td>
        <td>
          1
        </td>
        <td>
          Active
        </td>
        <td>
          26.01.2023
        </td>
      </tr>
      <tr>
        <td>
          Name 006
        </td>
        <td>
          1
        </td>
        <td>
          Active
        </td>
        <td>
          25.01.2023
        </td>
      </tr>
      <tr>
        <td>
          Name 007
        </td>
        <td>
          1
        </td>
        <td>
          Active
        </td>
        <td>
          24.01.2023
        </td>
      </tr>
      <tr>
        <td>
          Name 008
        </td>
        <td>
          1
        </td>
        <td>
          Active
        </td>
        <td>
          23.01.2023
        </td>
      </tr>
      <tr>
        <td>
          Name 009
        </td>
        <td>
          1
        </td>
        <td>
          Active
        </td>
        <td>
          22.01.2023
        </td>
      </tr>
      <tr>
        <td>
          Name 010
        </td>
        <td>
          1
        </td>
        <td>
          Active
        </td>
        <td>
          21.01.2023
        </td>
      </tr>
      <tr>
        <td>
          Name 011
        </td>
        <td>
          1
        </td>
        <td>
          Active
        </td>
        <td>
          20.01.2023
        </td>
      </tr>
      <tr>
        <td>
          Name 012
        </td>
        <td>
          1
        </td>
        <td>
          Active
        </td>
        <td>
          19.01.2023
        </td>
      </tr>
      <tr>
        <td>
          Name 013
        </td>
        <td>
          1
        </td>
        <td>
          Active
        </td>
        <td>
          18.01.2023
        </td>
      </tr>
      <tr>
        <td>
          Name 014
        </td>
        <td>
          1
        </td>
        <td>
          Active
        </td>
        <td>
          17.01.2023
        </td>
      </tr>
      <tr>
        <td>
          Name 015
        </td>
        <td>
          1
        </td>
        <td>
          Active
        </td>
        <td>
          16.01.2023
        </td>
      </tr>
      <tr>
        <td>
          Name 016
        </td>
        <td>
          1
        </td>
        <td>
          Active
        </td>
        <td>
          15.01.2023
        </td>
      </tr>
      <tr>
        <td>
          Name 017
        </td>
        <td>
          1
        </td>
        <td>
          Active
        </td>
        <td>
          14.01.2023
        </td>
      </tr>
      <tr>
        <td>
          Name 018
        </td>
        <td>
          1
        </td>
        <td>
          Active
        </td>
        <td>
          13.01.2023
        </td>
      </tr>
      <tr>
        <td>
          Name 019
        </td>
        <td>
          1
        </td>
        <td>
          Active
        </td>
        <td>
          12.01.2023
        </td>
      </tr>
      <tr>
        <td>
          Name 020
        </td>
        <td>
          1
        </td>
        <td>
          Active
        </td>
        <td>
          11.01.2023
        </td>
      </tr>
      <tr>
        <td>
          Name 021
        </td>
        <td>
          1
        </td>
        <td>
          Active
        </td>
        <td>
          10.01.2023
        </td>
      </tr>
      <tr>
        <td>
          Name 022
        </td>
        <td>
          1
        </td>
        <td>
          Active
        </td>
        <td>
          09.01.2023
        </td>
      </tr>
      <tr>
        <td>
          Name 023
        </td>
        <td>
          1
        </td>
        <td>
          Active
        </td>
        <td>
          08.01.2023
        </td>
      </tr>
      <tr>
        <td>
          Name 024
        </td>
        <td>
          1
        </td>
        <td>
          Active
        </td>
        <td>
          07.01.2023
        </td>
      </tr>
      <tr>
        <td>
          Name 025
        </td>
        <td>
          1
        </td>
        <td>
          Active
        </td>
        <td>
          06.01.2023
        </td>
      </tr>
      <tr>
        <td>
          Name 026
        </td>
        <td>
          1
        </td>
        <td>
          Active
        </td>
        <td>
          05.01.2023
        </td>
      </tr>
      <tr>
        <td>
          Name 027
        </td>
        <td>
          1
        </td>
        <td>
          Active
        </td>
        <td>
          04.01.2023
        </td>
      </tr>
      <tr>
        <td>
          Name 028
        </td>
        <td>
          1
        </td>
        <td>
          Active
        </td>
        <td>
          03.01.2023
        </td>
      </tr>
      <tr>
        <td>
          Name 029
        </td>
        <td>
          1
        </td>
        <td>
          Active
        </td>
        <td>
          02.01.2023
        </td>
      </tr>
      <tr>
        <td>
          Name 030
        </td>
        <td>
          1
        </td>
        <td>
          Active
        </td>
        <td>
          01.01.2023
        </td>
      </tr>
      <tr>
        <td>
          Name 031
        </td>
        <td>
          1
        </td>
        <td>
          Active
        </td>
        <td>
          31.12.2022
        </td>
      </tr>
      <tr>
        <td>
          Name 032
        </td>
        <td>
          1
        </td>
        <td>
          Active
        </td>
        <td>
          30.12.2022
        </td>
      </tr>
      <tr>
        <td>
          Name 033
        </td>
        <td>
          1
        </td>
        <td>
          Active
        </td>
        <td>
          29.12.2022
        </td>
      </tr>
      <tr>
        <td>
          Name 034
        </td>
        <td>
          1
        </td>
        <td>
          Active
        </td>
        <td>
          28.12.2022
        </td>
      </tr>
      <tr>
        <td>
          Name 035
        </td>
        <td>
          1
        </td>
        <td>
          Active
        </td>
        <td>
          27.12.2022
        </td>
      </tr>
      <tr>
        <td>
          Name 036
        </td>
        <td>
          1
        </td>
        <td>
          Active
        </td>
        <td>
          26.12.2022
        </td>
      </tr>
      <tr>
        <td>
          Name 037
        </td>
        <td>
          1
        </td>
        <td>
          Active
        </td>
        <td>
          25.12.2022
        </td>
      </tr>
      <tr>
        <td>
          Name 038
        </td>
        <td>
          1
        </td>
        <td>
          Active
        </td>
        <td>
          24.12.2022
        </td>
      </tr>
      <tr>
        <td>
          Name 039
        </td>
        <td>
          1
        </td>
        <td>
          Active
        </td>
        <td>
          23.12.2022
        </td>
      </tr>
      <tr>
        <td>
          Name 040
        </td>
        <td>
          1
        </td>
        <td>
          Active
        </td>
        <td>
          22.12.2022
        </td>
      </tr>
      <tr>
        <td>
          Name 041
        </td>
        <td>
          1
        </td>
        <td>
          Active
        </td>
        <td>
          21.12.2022
        </td>
      </tr>
      <tr>
        <td>
          Name 042
        </td>
        <td>
          1
        </td>
        <td>
          Active
        </td>
        <td>
          20.12.2022
        </td>
      </tr>
      <tr>
        <td>
          Name 043
        </td>
        <td>
          1
        </td>
        <td>
          Active
        </td>
        <td>
          19.12.2022
        </td>
      </tr>
      <tr>
        <td>
          Name 044
        </td>
        <td>
          1
        </td>
        <td>
          Active
        </td>
        <td>
          18.12.2022
        </td>
      </tr>
      <tr>
        <td>
          Name 045
        </td>
        <td>
          1
        </td>
        <td>
          Active
        </td>
        <td>
          17.12.2022
        </td>
      </tr>
      <tr>
        <td>
          Name 046
        </td>
        <td>
          1
        </td>
        <td>
          Active
        </td>
        <td>
          16.12.2022
        </td>
      </tr>
      <tr>
        <td>
          Name 047
        </td>
        <td>
          1
        </td>
        <td>
          Active
        </td>
        <td>
          15.12.2022
        </td>
      </tr>
      <tr>
        <td>
          Name 048
        </td>
        <td>
          1
        </td>
        <td>
          Active
        </td>
        <td>
          14.12.2022
        </td>
      </tr>
      <tr>
        <td>
          Name 049
        </td>
        <td>
          1
        </td>
        <td>
          Active
        </td>
        <td>
          13.12.2022
        </td>
      </tr>
      <tr>
        <td>
          Name 050
        </td>
        <td>
          1
        </td>
        <td>
          Active
        </td>
        <td>
          12.12.2022
        </td>
      </tr>
      <tr>
        <td>
          Name 051
        </td>
        <td>
          1
        </td>
        <td>
          Active
        </td>
        <td>
          11.12.2022
        </td>
      </tr>
      <tr>
        <td>
          Name 052
        </td>
        <td>
          1
        </td>
        <td>
          Active
        </td>
        <td>
          10.12.2022
        </td>
      </tr>
      <tr>
        <td>
          Name 053
        </td>
        <td>
          1
        </td>
        <td>
          Active
        </td>
        <td>
          09.12.2022
        </td>
      </tr>
      <tr>
        <td>
          Name 054
        </td>
        <td>
          1
        </td>
        <td>
          Active
        </td>
        <td>
          08.12.2022
        </td>
      </tr>
      <tr>
        <td>
          Name 055
        </td>
        <td>
          1
        </td>
        <td>
          Active
        </td>
        <td>
          07.12.2022
        </td>
      </tr>
      <tr>
        <td>
          Name 056
        </td>
        <td>
          1
        </td>
        <td>
          Active
        </td>
        <td>
          06.12.2022
        </td>
      </tr>
      <tr>
        <td>
          Name 057
        </td>
        <td>
          1
        </td>
        <td>
          Active
        </td>
        <td>
          05.12.2022
        </td>
      </tr>
      <tr>
        <td>
          Name 058
        </td>
        <td>
          1
        </td>
        <td>
          Active
        </td>
        <td>
          04.12.2022
        </td>
      </tr>
      <tr>
        <td>
          Name 059
        </td>
        <td>
          1
        </td>
        <td>
          Active
        </td>
        <td>
          03.12.2022
        </td>
      </tr>
      <tr>
        <td>
          Name 060
        </td>
        <td>
          1
        </td>
        <td>
          Active
        </td>
        <td>
          02.12.2022
        </td>
      </tr>
      <tr>
        <td>
          Name 061
        </td>
        <td>
          1
        </td>
        <td>
          Active
        </td>
        <td>
          01.12.2022
        </td>
      </tr>
      <tr>
        <td>
          Name 062
        </td>
        <td>
          1
        </td>
        <td>
          Active
        </td>
        <td>
          30.11.2022
        </td>
      </tr>
      <tr>
        <td>
          Name 063
        </td>
        <td>
          1
        </td>
        <td>
          Active
        </td>
        <td>
          29.11.2022
        </td>
      </tr>
      <tr>
        <td>
          Name 064
        </td>
        <td>
          1
        </td>
        <td>
          Active
        </td>
        <td>
          28.11.2022
        </td>
      </tr>
      <tr>
        <td>
          Name 065
        </td>
        <td>
          1
        </td>
        <td>
          Active
        </td>
        <td>
          27.11.2022
        </td>
      </tr>
      <tr>
        <td>
          Name 066
        </td>
        <td>
          1
        </td>
        <td>
          Active
        </td>
        <td>
          26.11.2022
        </td>
      </tr>
      <tr>
        <td>
          Name 067
        </td>
        <td>
          1
        </td>
        <td>
          Active
        </td>
        <td>
          25.11.2022
        </td>
      </tr>
      <tr>
        <td>
          Name 068
        </td>
        <td>
          1
        </td>
        <td>
          Active
        </td>
        <td>
          24.11.2022
        </td>
      </tr>
      <tr>
        <td>
          Name 069
        </td>
        <td>
          1
        </td>
        <td>
          Active
        </td>
        <td>
          23.11.2022
        </td>
      </tr>
      <tr>
        <td>
          Name 070
        </td>
        <td>
          1
        </td>
        <td>
          Active
        </td>
        <td>
          22.11.2022
        </td>
      </tr>
      <tr>
        <td>
          Name 071
        </td>
        <td>
          1
        </td>
        <td>
          Active
        </td>
        <td>
          21.11.2022
        </td>
      </tr>
      <tr>
        <td>
          Name 072
        </td>
        <td>
          1
        </td>
        <td>
          Active
        </td>
        <td>
          20.11.2022
        </td>
      </tr>
      <tr>
        <td>
          Name 073
        </td>
        <td>
          1
        </td>
        <td>
          Active
        </td>
        <td>
          19.11.2022
        </td>
      </tr>
      <tr>
        <td>
          Name 074
        </td>
        <td>
          1
        </td>
        <td>
          Active
        </td>
        <td>
          18.11.2022
        </td>
      </tr>
      <tr>
        <td>
          Name 075
        </td>
        <td>
          1
        </td>
        <td>
          Active
        </td>
        <td>
          17.11.2022
        </td>
      </tr>
      <tr>
        <td>
          Name 076
        </td>
        <td>
          1
        </td>
        <td>
          Active
        </td>
        <td>
          16.11.2022
        </td>
      </tr>
      <tr>
        <td>
          Name 077
        </td>
        <td>
          1
        </td>
        <td>
          Active
        </td>
        <td>
          15.11.2022
        </td>
      </tr>
      <tr>
        <td>
          Name 078
        </td>
        <td>
          1
        </td>
        <td>
          Active
        </td>
        <td>
          14.11.2022
        </td>
      </tr>
      <tr>
        <td>
          Name 079
        </td>
        <td>
          1
        </td>
        <td>
          Active
        </td>
        <td>
          13.11.2022
        </td>
      </tr>
      <tr>
        <td>
          Name 080
        </td>
        <td>
          1
        </td>
        <td>
          Active
        </td>
        <td>
          12.11.2022
        </td>
      </tr>
      <tr>
        <td>
          Name 081
        </td>
        <td>
          1
        </td>
        <td>
          Active
        </td>
        <td>
          11.11.2022
        </td>
      </tr>
      <tr>
        <td>
          Name 082
        </td>
        <td>
          1
        </td>
        <td>
          Active
        </td>
        <td>
          10.11.2022
        </td>
      </tr>
      <tr>
        <td>
          Name 083
        </td>
        <td>
          1
        </td>
        <td>
          Active
        </td>
        <td>
          09.11.2022
        </td>
      </tr>
      <tr>
        <td>
          Name 084
        </td>
        <td>
          1
        </td>
        <td>
          Active
        </td>
        <td>
          08.11.2022
        </td>
      </tr>
      <tr>
        <td>
          Name 085
        </td>
        <td>
          1
        </td>
        <td>
          Active
        </td>
        <td>
          07.11.2022
        </td>
      </tr>
      <tr>
        <td>
          Name 086
        </td>
        <td>
          1
        </td>
        <td>
          Active
        </td>
        <td>
          06.11.2022
        </td>
      </tr>
      <tr>
        <td>
          Name 087
        </td>
        <td>
          1
        </td>
        <td>
          Active
        </td>
        <td>
          05.11.2022
        </td>
      </tr>
      <tr>
        <td>
          Name 088
        </td>
        <td>
          1
        </td>
        <td>
          Active
        </td>
        <td>
          04.11.2022
        </td>
      </tr>
      <tr>
        <td>
          Name 089
        </td>
        <td>
          1
        </td>
        <td>
          Active
        </td>
        <td>
          03.11.2022
        </td>
      </tr>
      <tr>
        <td>
          Name 090
        </td>
        <td>
          1
        </td>
        <td>
          Active
        </td>
        <td>
          02.11.2022
        </td>
      </tr>
      <tr>
        <td>
          Name 091
        </td>
        <td>
          1
        </td>
        <td>
          Active
        </td>
        <td>
          01.11.2022
        </td>
      </tr>
      <tr>
        <td>
          Name 092
        </td>
        <td>
          1
        </td>
        <td>
          Active
        </td>
        <td>
          31.10.2022
        </td>
      </tr>
      <tr>
        <td>
          Name 093
        </td>
        <td>
          1
        </td>
        <td>
          Active
        </td>
        <td>
          30.10.2022
        </td>
      </tr>
      <tr>
        <td>
          Name 094
        </td>
        <td>
          1
        </td>
        <td>
          Active
        </td>
        <td>
          29.10.2022
        </td>
      </tr>
      <tr>
        <td>
          Name 095
        </td>
        <td>
          1
        </td>
        <td>
          Active
        </td>
        <td>
          28.10.2022
        </td>
      </tr>
      <tr>
        <td>
          Name 096
        </td>
        <td>
          1
        </td>
        <td>
          Active
        </td>
        <td>
          27.10.2022
        </td>
      </tr>
      <tr>
        <td>
          Name 097
        </td>
        <td>
          1
        </td>
        <td>
          Active
        </td>
        <td>
          26.10.2022
        </td>
      </tr>
      <tr>
        <td>
          Name 098
        </td>
        <td>
          1
        </td>
        <td>
          Active
        </td>
        <td>
          25.10.2022
        </td>
      </tr>
      <tr>
        <td>
          Name 099
        </td>
        <td>
          1
        </td>
        <td>
          Active
        </td>
        <td>
          24.10.2022
        </td>
      </tr>
    </tbody>
  </table>
</div>
`;
